This is pdfTeX, Version 3.141592653-2.6-1.40.26 (TeX Live 2024) (preloaded format=pdflatex 2025.1.20)  27 JUL 2025 01:27
entering extended mode
 restricted \write18 enabled.
 %&-line parsing enabled.
**./test.tex
(././test.tex
LaTeX2e <2024-11-01> patch level 1
L3 programming layer <2024-12-25>
(c:/texlive/2024/texmf-dist/tex/latex/base/article.cls
Document Class: article 2024/06/29 v1.4n Standard LaTeX document class
(c:/texlive/2024/texmf-dist/tex/latex/base/size10.clo
File: size10.clo 2024/06/29 v1.4n Standard LaTeX file (size option)
)
\c@part=\count196
\c@section=\count197
\c@subsection=\count198
\c@subsubsection=\count199
\c@paragraph=\count266
\c@subparagraph=\count267
\c@figure=\count268
\c@table=\count269
\abovecaptionskip=\skip49
\belowcaptionskip=\skip50
\bibindent=\dimen141
)
(c:/texlive/2024/texmf-dist/tex/latex/geometry/geometry.sty
Package: geometry 2020/01/02 v5.9 Page Geometry

(c:/texlive/2024/texmf-dist/tex/latex/graphics/keyval.sty
Package: keyval 2022/05/29 v1.15 key=value parser (DPC)
\KV@toks@=\toks17
)
(c:/texlive/2024/texmf-dist/tex/generic/iftex/ifvtex.sty
Package: ifvtex 2019/10/25 v1.7 ifvtex legacy package. Use iftex instead.

(c:/texlive/2024/texmf-dist/tex/generic/iftex/iftex.sty
Package: iftex 2024/12/12 v1.0g TeX engine tests
))
\Gm@cnth=\count270
\Gm@cntv=\count271
\c@Gm@tempcnt=\count272
\Gm@bindingoffset=\dimen142
\Gm@wd@mp=\dimen143
\Gm@odd@mp=\dimen144
\Gm@even@mp=\dimen145
\Gm@layoutwidth=\dimen146
\Gm@layoutheight=\dimen147
\Gm@layouthoffset=\dimen148
\Gm@layoutvoffset=\dimen149
\Gm@dimlist=\toks18
)
(c:/texlive/2024/texmf-dist/tex/latex/float/float.sty
Package: float 2001/11/08 v1.3d Float enhancements (AL)
\c@float@type=\count273
\float@exts=\toks19
\float@box=\box52
\@float@everytoks=\toks20
\@floatcapt=\box53
)
(c:/texlive/2024/texmf-dist/tex/latex/tools/array.sty
Package: array 2024/10/17 v2.6g Tabular extension package (FMi)
\col@sep=\dimen150
\ar@mcellbox=\box54
\extrarowheight=\dimen151
\NC@list=\toks21
\extratabsurround=\skip51
\backup@length=\skip52
\ar@cellbox=\box55
)
(c:/texlive/2024/texmf-dist/tex/latex/makecell/makecell.sty
Package: makecell 2009/08/03 V0.1e Managing of Tab Column Heads and Cells
\rotheadsize=\dimen152
\c@nlinenum=\count274
\TeXr@lab=\toks22
)
(c:/texlive/2024/texmf-dist/tex/latex/fontsize/fontsize.sty
Package: fontsize 2024/12/04 v0.9 'fontsize' package. Set main font sizes (Ivan
 Valbusa)

(c:/texlive/2024/texmf-dist/tex/latex/xkeyval/xkeyval.sty
Package: xkeyval 2022/06/16 v2.9 package option processing (HA)

(c:/texlive/2024/texmf-dist/tex/generic/xkeyval/xkeyval.tex
(c:/texlive/2024/texmf-dist/tex/generic/xkeyval/xkvutils.tex
\XKV@toks=\toks23
\XKV@tempa@toks=\toks24
)
\XKV@depth=\count275
File: xkeyval.tex 2014/12/03 v2.7a key=value parser (HA)
)))
(c:/texlive/2024/texmf-dist/tex/latex/l3backend/l3backend-pdftex.def
File: l3backend-pdftex.def 2024-05-08 L3 backend support: PDF output (pdfTeX)
\l__color_backend_stack_int=\count276
\l__pdf_internal_box=\box56
)

LaTeX Warning: Unused global option(s):
    [9pt].

(./test.aux)
\openout1 = `test.aux'.

LaTeX Font Info:    Checking defaults for OML/cmm/m/it on input line 11.
LaTeX Font Info:    ... okay on input line 11.
LaTeX Font Info:    Checking defaults for OMS/cmsy/m/n on input line 11.
LaTeX Font Info:    ... okay on input line 11.
LaTeX Font Info:    Checking defaults for OT1/cmr/m/n on input line 11.
LaTeX Font Info:    ... okay on input line 11.
LaTeX Font Info:    Checking defaults for T1/cmr/m/n on input line 11.
LaTeX Font Info:    ... okay on input line 11.
LaTeX Font Info:    Checking defaults for TS1/cmr/m/n on input line 11.
LaTeX Font Info:    ... okay on input line 11.
LaTeX Font Info:    Checking defaults for OMX/cmex/m/n on input line 11.
LaTeX Font Info:    ... okay on input line 11.
LaTeX Font Info:    Checking defaults for U/cmr/m/n on input line 11.
LaTeX Font Info:    ... okay on input line 11.

*geometry* driver: auto-detecting
*geometry* detected driver: pdftex
*geometry* verbose mode - [ preamble ] result:
* driver: pdftex
* paper: a4paper
* layout: <same size as paper>
* layoutoffset:(h,v)=(0.0pt,0.0pt)
* modes: 
* h-part:(L,W,R)=(28.45274pt, 540.60239pt, 28.45274pt)
* v-part:(T,H,B)=(28.45274pt, 788.14136pt, 28.45274pt)
* \paperwidth=597.50787pt
* \paperheight=845.04684pt
* \textwidth=540.60239pt
* \textheight=788.14136pt
* \oddsidemargin=-43.81725pt
* \evensidemargin=-43.81725pt
* \topmargin=-80.81725pt
* \headheight=12.0pt
* \headsep=25.0pt
* \topskip=10.0pt
* \footskip=30.0pt
* \marginparwidth=65.0pt
* \marginparsep=11.0pt
* \columnsep=10.0pt
* \skip\footins=8.1pt plus 3.59964pt minus 1.80035pt
* \hoffset=0.0pt
* \voffset=0.0pt
* \mag=1000
* \@twocolumnfalse
* \@twosidefalse
* \@mparswitchfalse
* \@reversemarginfalse
* (1in=72.27pt=25.4mm, 1cm=28.453pt)


LaTeX Font Warning: Font shape `OT1/cmss/m/n' in size <27.054> not available
(Font)              size <24.88> substituted on input line 14.

LaTeX Font Info:    External font `cmex10' loaded for size
(Font)              <9> on input line 15.
LaTeX Font Info:    External font `cmex10' loaded for size
(Font)              <6> on input line 15.
LaTeX Font Info:    External font `cmex10' loaded for size
(Font)              <5> on input line 15.

LaTeX Font Warning: Font shape `OT1/cmss/m/n' in size <18.666> not available
(Font)              size <17.28> substituted on input line 19.


LaTeX Font Warning: Font shape `OT1/cmss/m/n' in size <7.50006> not available
(Font)              size <8> substituted on input line 30.

LaTeX Font Info:    Calculating math sizes for size <7.50006> on input line 30.


LaTeX Font Warning: Font shape `OT1/cmr/m/n' in size <7.50006> not available
(Font)              size <8> substituted on input line 30.


LaTeX Font Warning: Font shape `OT1/cmr/m/n' in size <3.75003> not available
(Font)              size <5> substituted on input line 30.


LaTeX Font Warning: Font shape `OML/cmm/m/it' in size <7.50006> not available
(Font)              size <8> substituted on input line 30.


LaTeX Font Warning: Font shape `OML/cmm/m/it' in size <3.75003> not available
(Font)              size <5> substituted on input line 30.


LaTeX Font Warning: Font shape `OMS/cmsy/m/n' in size <7.50006> not available
(Font)              size <8> substituted on input line 30.


LaTeX Font Warning: Font shape `OMS/cmsy/m/n' in size <3.75003> not available
(Font)              size <5> substituted on input line 30.

LaTeX Font Info:    External font `cmex10' loaded for size
(Font)              <7.50006> on input line 30.
LaTeX Font Info:    External font `cmex10' loaded for size
(Font)              <5.25002> on input line 30.
LaTeX Font Info:    External font `cmex10' loaded for size
(Font)              <3.75003> on input line 30.

Underfull \hbox (badness 10000) in paragraph at lines 18--38
[]|[]
 []


Underfull \hbox (badness 10000) in paragraph at lines 18--38
[]
 []


Underfull \hbox (badness 10000) in paragraph at lines 40--60
[]|[]
 []


Underfull \hbox (badness 10000) in paragraph at lines 40--60
[]
 []


Underfull \hbox (badness 10000) in paragraph at lines 62--82
[]|[]
 []


Underfull \hbox (badness 10000) in paragraph at lines 62--82
[]
 []


Underfull \hbox (badness 10000) in paragraph at lines 84--104
[]|[]
 []


Underfull \hbox (badness 10000) in paragraph at lines 84--104
[]
 []


Underfull \hbox (badness 10000) in paragraph at lines 106--126
[]|[]
 []


Underfull \hbox (badness 10000) in paragraph at lines 106--126
[]
 []


Underfull \hbox (badness 10000) in paragraph at lines 128--148
[]|[]
 []


Underfull \hbox (badness 10000) in paragraph at lines 128--148
[]
 []


Underfull \hbox (badness 10000) in paragraph at lines 150--170
[]|[]
 []


Underfull \hbox (badness 10000) in paragraph at lines 150--170
[]
 []


Underfull \hbox (badness 10000) in paragraph at lines 172--192
[]|[]
 []


Underfull \hbox (badness 10000) in paragraph at lines 172--192
[]
 []


Underfull \hbox (badness 10000) in paragraph at lines 194--214
[]|[]
 []


Underfull \hbox (badness 10000) in paragraph at lines 194--214
[]
 []


Underfull \hbox (badness 10000) in paragraph at lines 216--236
[]|[]
 []


Underfull \hbox (badness 10000) in paragraph at lines 216--236
[]
 []


Underfull \hbox (badness 10000) in paragraph at lines 238--258
[]|[]
 []


Underfull \hbox (badness 10000) in paragraph at lines 238--258
[]
 []


Underfull \hbox (badness 10000) in paragraph at lines 260--280
[]|[]
 []


Underfull \hbox (badness 10000) in paragraph at lines 260--280
[]
 []


Underfull \hbox (badness 10000) in paragraph at lines 282--302
[]|[]
 []


Underfull \hbox (badness 10000) in paragraph at lines 282--302
[]
 []


Underfull \hbox (badness 10000) in paragraph at lines 304--324
[]|[]
 []


Underfull \hbox (badness 10000) in paragraph at lines 304--324
[]
 []


Underfull \hbox (badness 10000) in paragraph at lines 326--346
[]|[]
 []


Underfull \hbox (badness 10000) in paragraph at lines 326--346
[]
 []


Underfull \hbox (badness 10000) in paragraph at lines 348--368
[]|[]
 []


Underfull \hbox (badness 10000) in paragraph at lines 348--368
[]
 []


Underfull \hbox (badness 10000) in paragraph at lines 370--390
[]|[]
 []


Underfull \hbox (badness 10000) in paragraph at lines 370--390
[]
 []


Underfull \hbox (badness 10000) in paragraph at lines 392--412
[]|[]
 []


Underfull \hbox (badness 10000) in paragraph at lines 392--412
[]
 []


Underfull \hbox (badness 10000) in paragraph at lines 414--434
[]|[]
 []


Underfull \hbox (badness 10000) in paragraph at lines 414--434
[]
 []


Underfull \hbox (badness 10000) in paragraph at lines 436--456
[]|[]
 []


Underfull \hbox (badness 10000) in paragraph at lines 436--456
[]
 []


Underfull \hbox (badness 10000) in paragraph at lines 458--478
[]|[]
 []


Underfull \hbox (badness 10000) in paragraph at lines 458--478
[]
 []


Underfull \hbox (badness 10000) in paragraph at lines 480--500
[]|[]
 []


Underfull \hbox (badness 10000) in paragraph at lines 480--500
[]
 []


Underfull \hbox (badness 10000) in paragraph at lines 502--522
[]|[]
 []


Underfull \hbox (badness 10000) in paragraph at lines 502--522
[]
 []


Underfull \hbox (badness 10000) in paragraph at lines 524--544
[]|[]
 []


Underfull \hbox (badness 10000) in paragraph at lines 524--544
[]
 []



[1

{c:/texlive/2024/texmf-var/fonts/map/pdftex/updmap/pdftex.map}] (./test.aux)
 ***********
LaTeX2e <2024-11-01> patch level 1
L3 programming layer <2024-12-25>
 ***********


LaTeX Font Warning: Size substitutions with differences
(Font)              up to 2.174pt have occurred.

 ) 
Here is how much of TeX's memory you used:
 1733 strings out of 473206
 27150 string characters out of 5720440
 631048 words of memory out of 5000000
 25008 multiletter control sequences out of 15000+600000
 562790 words of font info for 49 fonts, out of 8000000 for 9000
 1141 hyphenation exceptions out of 8191
 57i,26n,78p,331b,442s stack positions out of 10000i,1000n,20000p,200000b,200000s
<c:/texlive/2024/texmf-dist/fonts/type1/public/amsfonts/cm/cmss17.pfb><c:/tex
live/2024/texmf-dist/fonts/type1/public/amsfonts/cm/cmss8.pfb><c:/texlive/2024/
texmf-dist/fonts/type1/public/amsfonts/cm/cmss9.pfb><c:/texlive/2024/texmf-dist
/fonts/type1/public/amsfonts/cm/cmsy8.pfb><c:/texlive/2024/texmf-dist/fonts/typ
e1/public/amsfonts/cm/cmsy9.pfb>
Output written on ./test.pdf (1 page, 54922 bytes).
PDF statistics:
 33 PDF objects out of 1000 (max. 8388607)
 19 compressed objects within 1 object stream
 0 named destinations out of 1000 (max. 500000)
 1 words of extra memory for PDF output out of 10000 (max. 10000000)

